

================================================================
== Vivado HLS Report for 'skip'
================================================================
* Date:           Mon Aug 26 19:11:50 2019

* Version:        2018.3 (Build 2405991 on Thu Dec 06 23:56:15 MST 2018)
* Project:        prj
* Solution:       solution1
* Product family: virtexuplus
* Target device:  xcu200-fsgd2104-2-e


================================================================
== Performance Estimates
================================================================
+ Timing (ns): 
    * Summary: 
    +--------+-------+----------+------------+
    |  Clock | Target| Estimated| Uncertainty|
    +--------+-------+----------+------------+
    |ap_clk  |   4.00|     2.526|        0.50|
    +--------+-------+----------+------------+

+ Latency (clock cycles): 
    * Summary: 
    +-----+-------+-----+-------+---------+
    |   Latency   |   Interval  | Pipeline|
    | min |  max  | min |  max  |   Type  |
    +-----+-------+-----+-------+---------+
    |    1|  28366|    1|  28366|   none  |
    +-----+-------+-----+-------+---------+

    + Detail: 
        * Instance: 
        N/A

        * Loop: 
        +------------------+-----+-------+----------+-----------+-----------+--------+----------+
        |                  |   Latency   | Iteration|  Initiation Interval  |  Trip  |          |
        |     Loop Name    | min |  max  |  Latency |  achieved |   target  |  Count | Pipelined|
        +------------------+-----+-------+----------+-----------+-----------+--------+----------+
        |- loop_reset      |  432|    432|         1|          -|          -|     432|    no    |
        |- loop_skipto_1   |    0|  27931| 37 ~ 901 |          -|          -| 0 ~ 31 |    no    |
        | + loop_skipto_2  |  864|    864|         2|          -|          -|     432|    no    |
        +------------------+-----+-------+----------+-----------+-----------+--------+----------+



================================================================
== Utilization Estimates
================================================================
* Summary: 
+-----------------+---------+-------+---------+---------+-----+
|       Name      | BRAM_18K| DSP48E|    FF   |   LUT   | URAM|
+-----------------+---------+-------+---------+---------+-----+
|DSP              |        -|      -|        -|        -|    -|
|Expression       |        -|      -|        0|      290|    -|
|FIFO             |        -|      -|        -|        -|    -|
|Instance         |        -|      -|      394|      238|    -|
|Memory           |        -|      -|        -|        -|    -|
|Multiplexer      |        -|      -|        -|      284|    -|
|Register         |        -|      -|      353|        -|    -|
+-----------------+---------+-------+---------+---------+-----+
|Total            |        0|      0|      747|      812|    0|
+-----------------+---------+-------+---------+---------+-----+
|Available        |     4320|   6840|  2364480|  1182240|  960|
+-----------------+---------+-------+---------+---------+-----+
|Utilization (%)  |        0|      0|    ~0   |    ~0   |    0|
+-----------------+---------+-------+---------+---------+-----+

+ Detail: 
    * Instance: 
    +--------------------------+----------------------+---------+-------+-----+-----+
    |         Instance         |        Module        | BRAM_18K| DSP48E|  FF | LUT |
    +--------------------------+----------------------+---------+-------+-----+-----+
    |pricer_kernel_udibkb_U18  |pricer_kernel_udibkb  |        0|      0|  394|  238|
    +--------------------------+----------------------+---------+-------+-----+-----+
    |Total                     |                      |        0|      0|  394|  238|
    +--------------------------+----------------------+---------+-------+-----+-----+

    * DSP48: 
    N/A

    * Memory: 
    N/A

    * FIFO: 
    N/A

    * Expression: 
    +----------------------+----------+-------+---+----+------------+------------+
    |     Variable Name    | Operation| DSP48E| FF| LUT| Bitwidth P0| Bitwidth P1|
    +----------------------+----------+-------+---+----+------------+------------+
    |grp_fu_196_p0         |     +    |      0|  0|  39|          32|          32|
    |i_1_fu_185_p2         |     +    |      0|  0|  39|          32|           1|
    |idim_fu_169_p2        |     +    |      0|  0|  39|          32|           1|
    |k_1_fu_215_p2         |     +    |      0|  0|  39|          32|           1|
    |tmp_44_fu_238_p2      |     +    |      0|  0|  22|          15|          15|
    |exitcond_fu_210_p2    |   icmp   |      0|  0|  20|          32|          32|
    |exitcond_i_fu_164_p2  |   icmp   |      0|  0|  20|          32|          32|
    |tmp_fu_158_p2         |   icmp   |      0|  0|  20|          32|           1|
    |tmp_s_fu_180_p2       |   icmp   |      0|  0|  20|          32|          32|
    |tmp_7_fu_260_p2       |    xor   |      0|  0|  32|          32|          32|
    +----------------------+----------+-------+---+----+------------+------------+
    |Total                 |          |      0|  0| 290|         303|         179|
    +----------------------+----------+-------+---+----+------------+------------+

    * Multiplexer: 
    +------------------------------------+-----+-----------+-----+-----------+
    |                Name                | LUT | Input Size| Bits| Total Bits|
    +------------------------------------+-----+-----------+-----+-----------+
    |ap_NS_fsm                           |  185|         42|    1|         42|
    |ap_return                           |    9|          2|   32|         64|
    |i_reg_124                           |    9|          2|   32|         64|
    |idim_i_reg_89                       |    9|          2|   32|         64|
    |k_reg_136                           |    9|          2|   32|         64|
    |sobol_joe_kuo_432_myState_address0  |   21|          4|    9|         36|
    |sobol_joe_kuo_432_myState_d0        |   15|          3|   32|         96|
    |sobol_joe_kuo_myInde_reg_147        |    9|          2|   32|         64|
    |two_i_plus_one_reg_112              |    9|          2|   31|         62|
    |two_i_reg_100                       |    9|          2|   32|         64|
    +------------------------------------+-----+-----------+-----+-----------+
    |Total                               |  284|         63|  265|        620|
    +------------------------------------+-----+-----------+-----+-----------+

    * Register: 
    +--------------------------------+----+----+-----+-----------+
    |              Name              | FF | LUT| Bits| Const Bits|
    +--------------------------------+----+----+-----+-----------+
    |ap_CS_fsm                       |  41|   0|   41|          0|
    |ap_return_preg                  |  32|   0|   32|          0|
    |i_1_reg_294                     |  32|   0|   32|          0|
    |i_reg_124                       |  32|   0|   32|          0|
    |idim_i_reg_89                   |  32|   0|   32|          0|
    |k_1_reg_316                     |  32|   0|   32|          0|
    |k_reg_136                       |  32|   0|   32|          0|
    |sobol_joe_kuo_myInde_reg_147    |  32|   0|   32|          0|
    |sobol_joe_kuo_myStat_1_reg_326  |   9|   0|    9|          0|
    |tmp_52_reg_304                  |   1|   0|    1|          0|
    |tmp_53_reg_308                  |  15|   0|   15|          0|
    |two_i_plus_one_reg_112          |  31|   0|   32|          1|
    |two_i_reg_100                   |  32|   0|   32|          0|
    +--------------------------------+----+----+-----+-----------+
    |Total                           | 353|   0|  354|          1|
    +--------------------------------+----+----+-----+-----------+



================================================================
== Interface
================================================================
* Summary: 
+--------------------------------------+-----+-----+------------+-----------------------------+--------------+
|               RTL Ports              | Dir | Bits|  Protocol  |        Source Object        |    C Type    |
+--------------------------------------+-----+-----+------------+-----------------------------+--------------+
|ap_clk                                |  in |    1| ap_ctrl_hs |             skip            | return value |
|ap_rst                                |  in |    1| ap_ctrl_hs |             skip            | return value |
|ap_start                              |  in |    1| ap_ctrl_hs |             skip            | return value |
|ap_done                               | out |    1| ap_ctrl_hs |             skip            | return value |
|ap_idle                               | out |    1| ap_ctrl_hs |             skip            | return value |
|ap_ready                              | out |    1| ap_ctrl_hs |             skip            | return value |
|ap_return                             | out |   32| ap_ctrl_hs |             skip            | return value |
|sobol_joe_kuo_432_myState_address0    | out |    9|  ap_memory |  sobol_joe_kuo_432_myState  |     array    |
|sobol_joe_kuo_432_myState_ce0         | out |    1|  ap_memory |  sobol_joe_kuo_432_myState  |     array    |
|sobol_joe_kuo_432_myState_we0         | out |    1|  ap_memory |  sobol_joe_kuo_432_myState  |     array    |
|sobol_joe_kuo_432_myState_d0          | out |   32|  ap_memory |  sobol_joe_kuo_432_myState  |     array    |
|sobol_joe_kuo_432_myState_q0          |  in |   32|  ap_memory |  sobol_joe_kuo_432_myState  |     array    |
|sobol_joe_kuo_432_dir_num_s_address0  | out |   14|  ap_memory | sobol_joe_kuo_432_dir_num_s |     array    |
|sobol_joe_kuo_432_dir_num_s_ce0       | out |    1|  ap_memory | sobol_joe_kuo_432_dir_num_s |     array    |
|sobol_joe_kuo_432_dir_num_s_q0        |  in |   32|  ap_memory | sobol_joe_kuo_432_dir_num_s |     array    |
|sobol_joe_kuo_432_size_read           |  in |   32|   ap_none  | sobol_joe_kuo_432_size_read |    scalar    |
|b                                     |  in |   32|   ap_none  |              b              |    scalar    |
+--------------------------------------+-----+-----+------------+-----------------------------+--------------+

